

python : Traceback (most recent call 
last):
At line:1 char:1
+ python test_setup.py 2>&1 | 
Tee-Object -FilePath test_output.txt
+ ~~~~~~~~~~~~~~~~~~~~~~~~~
    + CategoryInfo          : NotSpecif 
   ied: (Traceback (most recent call l  
  ast)::String) [], RemoteException
    + FullyQualifiedErrorId : NativeCom 
   mandError
 
  File 
"C:\Users\nicki\Desktop\Important 
Docs\Program 
Codes\phishguard\api\test_setup.py", 
line 232, in <module>
    asyncio.run(main())
    ~~~~~~~~~~~^^^^^^^^
  File 
"C:\Python314\Lib\asyncio\runners.py", 
line 204, in run
    return runner.run(main)
           ~~~~~~~~~~^^^^^^
  File 
"C:\Python314\Lib\asyncio\runners.py", 
line 127, in run
    return 
self._loop.run_until_complete(task)
           
~~~~~~~~~~~~~~~~~~~~~~~~~~~~~^^^^^^
  File "C:\Python314\Lib\asyncio\base_ev
ents.py", line 719, in 
run_until_complete
    return future.result()
           ~~~~~~~~~~~~~^^
  File 
"C:\Users\nicki\Desktop\Important 
Docs\Program 
Codes\phishguard\api\test_setup.py", 
line 190, in main
    print("\u2554" + "\u2550" * 58 + 
"\u2557")
    ~~~~~^^^^^^^^^^^^^^^^^^^^^^
  File 
"C:\Python314\Lib\encodings\cp1252.py", 
line 19, in encode
    return codecs.charmap_encode(input,s
elf.errors,encoding_table)[0]
           ~~~~~~~~~~~~~~~~~~~~~^^^^^^^^
^^^^^^^^^^^^^^^^^^^^^^^^^^
UnicodeEncodeError: 'charmap' codec 
can't encode characters in position 
0-59: character maps to <undefined>
